****************************************
Report : constraint
        -all_violators
Design : fifo1_sram
Version: P-2019.03-SP1-VAL
Date   : Thu Jun  4 13:07:24 2020
****************************************

   late_timing
   -----------

Information: Timer using 'SI, Timing Window Analysis, CRPR'. (TIM-050)
Endpoint                         Path Delay     Path Required       CRP    Slack Group    Scenario
----------------------------------------------------------------------------------------------------------
wdata_reg_1_/D (SDFFARX1_HVT)      9.57 f         2.89           0.00    -6.68   INPUTS   func_slow
wdata_reg_3_/D (SDFFARX1_HVT)      9.41 f         2.90           0.00    -6.52   INPUTS   func_slow
wdata_reg_2_/D (SDFFARX1_HVT)      9.17 f         2.90           0.00    -6.28   INPUTS   func_slow
wdata_reg_0_/D (SDFFARX1_HVT)      9.16 f         2.89           0.00    -6.27   INPUTS   func_slow
wdata_reg_14_/D (SDFFARX1_HVT)     8.54 f         2.90           0.00    -5.65   INPUTS   func_slow
wdata_reg_15_/D (SDFFARX1_HVT)     8.49 f         2.90           0.00    -5.59   INPUTS   func_slow
wdata_reg_5_/D (SDFFARX1_HVT)      8.37 f         2.89           0.00    -5.48   INPUTS   func_slow
wdata_reg_4_/D (SDFFARX1_HVT)      8.24 f         2.89           0.00    -5.35   INPUTS   func_slow
wdata_reg_12_/D (SDFFARX1_HVT)     7.13 f         2.90           0.00    -4.23   INPUTS   func_slow
wdata_reg_6_/D (SDFFARX1_HVT)      6.93 f         2.89           0.00    -4.04   INPUTS   func_slow
wdata_reg_13_/D (SDFFARX1_HVT)     6.74 f         2.90           0.00    -3.84   INPUTS   func_slow
wdata_reg_8_/D (SDFFARX1_HVT)      6.17 f         2.83           0.00    -3.34   INPUTS   func_slow
rptr_empty/rempty_reg/SETB (SDFFASX1_LVT)
                                   6.42 r         3.18           0.00    -3.24   INPUTS   func_slow
sync_w2r/rq2_wptr_reg_8_/SETB (DFFASX1_RVT)
                                   6.43 r         3.20           0.00    -3.24   INPUTS   func_slow
rptr_empty/rbin_reg_8_/SETB (SDFFASX1_HVT)
                                   6.43 r         3.22           0.00    -3.22   INPUTS   func_slow
rptr_empty/rbin_reg_5_/SETB (SDFFASX1_HVT)
                                   6.43 r         3.22           0.00    -3.21   INPUTS   func_slow
rptr_empty/rbin_reg_2_/SETB (SDFFASX1_HVT)
                                   6.43 r         3.22           0.00    -3.20   INPUTS   func_slow
rptr_empty/rbin_reg_3_/SETB (SDFFASX1_HVT)
                                   6.42 r         3.22           0.00    -3.20   INPUTS   func_slow
rptr_empty/rbin_reg_4_/SETB (SDFFASX1_HVT)
                                   6.42 r         3.22           0.00    -3.20   INPUTS   func_slow
rptr_empty/rbin_reg_9_/SETB (SDFFASX2_HVT)
                                   6.43 r         3.24           0.00    -3.19   INPUTS   func_slow
sync_w2r/rq2_wptr_reg_7_/SETB (DFFASX2_HVT)
                                   6.43 r         3.25           0.00    -3.18   INPUTS   func_slow
sync_w2r/rq2_wptr_reg_9_/RSTB (DFFARX1_LVT)
                                   6.43 r         3.27           0.00    -3.16   INPUTS   func_slow
sync_w2r/rq2_wptr_reg_11_/RSTB (DFFARX1_LVT)
                                   6.43 r         3.27           0.00    -3.16   INPUTS   func_slow
sync_w2r/rq2_wptr_reg_10_/RSTB (DFFARX1_LVT)
                                   6.43 r         3.27           0.00    -3.16   INPUTS   func_slow
sync_w2r/rq2_wptr_reg_1_/RSTB (DFFARX1_LVT)
                                   6.43 r         3.27           0.00    -3.16   INPUTS   func_slow
wdata_reg_11_/D (SDFFARX1_HVT)     5.99 f         2.84           0.00    -3.15   INPUTS   func_slow
sync_w2r/rq2_wptr_reg_3_/RSTB (DFFARX1_RVT)
                                   6.43 r         3.34           0.00    -3.09   INPUTS   func_slow
sync_w2r/rq2_wptr_reg_12_/RSTB (DFFARX1_RVT)
                                   6.43 r         3.34           0.00    -3.09   INPUTS   func_slow
sync_w2r/rq2_wptr_reg_2_/RSTB (DFFARX1_RVT)
                                   6.43 r         3.34           0.00    -3.08   INPUTS   func_slow
sync_w2r/rq2_wptr_reg_4_/RSTB (DFFARX1_RVT)
                                   6.42 r         3.34           0.00    -3.08   INPUTS   func_slow
sync_w2r/rq2_wptr_reg_0_/RSTB (DFFARX1_RVT)
                                   6.42 r         3.34           0.00    -3.08   INPUTS   func_slow
wdata_reg_7_/D (SDFFARX1_HVT)      5.89 f         2.83           0.00    -3.06   INPUTS   func_slow
rptr_empty/rbin_reg_7_/RSTB (SDFFARX1_HVT)
                                   6.43 r         3.44           0.00    -2.99   INPUTS   func_slow
rptr_empty/rbin_reg_12_/RSTB (SDFFARX1_HVT)
                                   6.43 r         3.44           0.00    -2.99   INPUTS   func_slow
rptr_empty/rbin_reg_11_/RSTB (SDFFARX1_HVT)
                                   6.43 r         3.44           0.00    -2.99   INPUTS   func_slow
rptr_empty/rbin_reg_10_/RSTB (SDFFARX1_HVT)
                                   6.43 r         3.44           0.00    -2.99   INPUTS   func_slow
rptr_empty/rptr_reg_8_/RSTB (SDFFARX1_HVT)
                                   6.43 r         3.44           0.00    -2.99   INPUTS   func_slow
rptr_empty/rptr_reg_10_/RSTB (SDFFARX1_HVT)
                                   6.43 r         3.44           0.00    -2.99   INPUTS   func_slow
rptr_empty/rptr_reg_11_/RSTB (SDFFARX1_HVT)
                                   6.43 r         3.44           0.00    -2.99   INPUTS   func_slow
rptr_empty/rptr_reg_9_/RSTB (SDFFARX1_HVT)
                                   6.43 r         3.44           0.00    -2.99   INPUTS   func_slow
sync_w2r/rq1_wptr_reg_9_/RSTB (SDFFARX1_HVT)
                                   6.43 r         3.45           0.00    -2.99   INPUTS   func_slow
sync_w2r/rq1_wptr_reg_8_/RSTB (SDFFARX1_HVT)
                                   6.43 r         3.45           0.00    -2.99   INPUTS   func_slow
sync_w2r/rq1_wptr_reg_11_/RSTB (SDFFARX1_HVT)
                                   6.43 r         3.45           0.00    -2.99   INPUTS   func_slow
sync_w2r/rq1_wptr_reg_10_/RSTB (SDFFARX1_HVT)
                                   6.43 r         3.45           0.00    -2.99   INPUTS   func_slow
rptr_empty/rptr_reg_7_/RSTB (SDFFARX1_HVT)
                                   6.43 r         3.45           0.00    -2.99   INPUTS   func_slow
rptr_empty/rbin_reg_6_/RSTB (SDFFARX1_HVT)
                                   6.43 r         3.45           0.00    -2.99   INPUTS   func_slow
sync_w2r/rq1_wptr_reg_7_/RSTB (SDFFARX1_HVT)
                                   6.43 r         3.45           0.00    -2.99   INPUTS   func_slow
sync_w2r/rq1_wptr_reg_12_/RSTB (SDFFARX1_HVT)
                                   6.43 r         3.45           0.00    -2.99   INPUTS   func_slow
sync_w2r/rq1_wptr_reg_3_/RSTB (SDFFARX1_HVT)
                                   6.43 r         3.44           0.00    -2.98   INPUTS   func_slow
sync_w2r/rq1_wptr_reg_2_/RSTB (SDFFARX1_HVT)
                                   6.43 r         3.44           0.00    -2.98   INPUTS   func_slow
sync_w2r/rq1_wptr_reg_1_/RSTB (SDFFARX1_HVT)
                                   6.43 r         3.44           0.00    -2.98   INPUTS   func_slow
rptr_empty/rptr_reg_6_/RSTB (SDFFARX1_HVT)
                                   6.43 r         3.45           0.00    -2.98   INPUTS   func_slow
rptr_empty/rbin_reg_0_/RSTB (SDFFARX1_HVT)
                                   6.43 r         3.44           0.00    -2.98   INPUTS   func_slow
sync_w2r/rq1_wptr_reg_4_/RSTB (SDFFARX1_HVT)
                                   6.43 r         3.44           0.00    -2.98   INPUTS   func_slow
sync_w2r/rq1_wptr_reg_6_/RSTB (SDFFARX1_HVT)
                                   6.43 r         3.45           0.00    -2.98   INPUTS   func_slow
rptr_empty/rptr_reg_1_/RSTB (SDFFARX1_HVT)
                                   6.43 r         3.44           0.00    -2.98   INPUTS   func_slow
rptr_empty/rptr_reg_5_/RSTB (SDFFARX1_HVT)
                                   6.43 r         3.45           0.00    -2.98   INPUTS   func_slow
rptr_empty/rptr_reg_2_/RSTB (SDFFARX1_HVT)
                                   6.43 r         3.44           0.00    -2.98   INPUTS   func_slow
rptr_empty/rptr_reg_3_/RSTB (SDFFARX1_HVT)
                                   6.43 r         3.45           0.00    -2.98   INPUTS   func_slow
rptr_empty/rptr_reg_4_/RSTB (SDFFARX1_HVT)
                                   6.43 r         3.45           0.00    -2.98   INPUTS   func_slow
rptr_empty/rbin_reg_1_/RSTB (SDFFARX1_HVT)
                                   6.43 r         3.45           0.00    -2.98   INPUTS   func_slow
sync_w2r/rq1_wptr_reg_5_/RSTB (SDFFARX1_HVT)
                                   6.43 r         3.45           0.00    -2.98   INPUTS   func_slow
rptr_empty/rptr_reg_0_/RSTB (SDFFARX1_HVT)
                                   6.43 r         3.45           0.00    -2.98   INPUTS   func_slow
sync_w2r/rq1_wptr_reg_0_/RSTB (SDFFARX1_HVT)
                                   6.42 r         3.45           0.00    -2.98   INPUTS   func_slow
wdata_reg_9_/D (SDFFARX1_HVT)      5.49 f         2.88           0.00    -2.61   INPUTS   func_slow
sync_w2r/rq2_wptr_reg_6_/RSTB (DFFARX1_HVT)
                                   6.43 r         3.91           0.00    -2.52   INPUTS   func_slow
sync_w2r/rq2_wptr_reg_5_/RSTB (DFFARX1_HVT)
                                   6.43 r         3.91           0.00    -2.52   INPUTS   func_slow
wdata_reg_4_/RSTB (SDFFARX1_HVT)   5.98 r         3.71           0.00    -2.27   INPUTS   func_slow
wdata_reg_5_/RSTB (SDFFARX1_HVT)   5.98 r         3.71           0.00    -2.27   INPUTS   func_slow
wdata_reg_8_/RSTB (SDFFARX1_HVT)   5.98 r         3.71           0.00    -2.27   INPUTS   func_slow
wdata_reg_6_/RSTB (SDFFARX1_HVT)   5.98 r         3.71           0.00    -2.27   INPUTS   func_slow
wdata_reg_1_/RSTB (SDFFARX1_HVT)   5.98 r         3.71           0.00    -2.27   INPUTS   func_slow
wdata_reg_7_/RSTB (SDFFARX1_HVT)   5.98 r         3.71           0.00    -2.27   INPUTS   func_slow
wdata_reg_0_/RSTB (SDFFARX1_HVT)   5.98 r         3.71           0.00    -2.27   INPUTS   func_slow
wdata_reg_2_/RSTB (SDFFARX1_HVT)   5.98 r         3.71           0.00    -2.27   INPUTS   func_slow
wdata_reg_3_/RSTB (SDFFARX1_HVT)   5.98 r         3.71           0.00    -2.27   INPUTS   func_slow
wdata_reg_10_/RSTB (SDFFARX1_HVT)
                                   5.97 r         3.71           0.00    -2.26   INPUTS   func_slow
wdata_reg_13_/RSTB (SDFFARX1_HVT)
                                   5.97 r         3.71           0.00    -2.26   INPUTS   func_slow
wdata_reg_15_/RSTB (SDFFARX1_HVT)
                                   5.97 r         3.71           0.00    -2.26   INPUTS   func_slow
wdata_reg_14_/RSTB (SDFFARX1_HVT)
                                   5.97 r         3.71           0.00    -2.26   INPUTS   func_slow
wdata_reg_12_/RSTB (SDFFARX1_HVT)
                                   5.97 r         3.71           0.00    -2.26   INPUTS   func_slow
wdata_reg_9_/RSTB (SDFFARX1_HVT)   5.97 r         3.71           0.00    -2.26   INPUTS   func_slow
wdata_reg_11_/RSTB (SDFFARX1_HVT)
                                   5.97 r         3.71           0.00    -2.26   INPUTS   func_slow
wdata_reg_10_/D (SDFFARX1_HVT)     4.99 f         2.85           0.00    -2.14   INPUTS   func_slow
wptr_full/wfull_reg/D (SDFFARX1_LVT)
                                   7.50 r         5.97           0.00    -1.53   INPUTS   func_slow
wptr_full/wptr_reg_11_/D (SDFFARX1_LVT)
                                   6.90 f         5.95           0.00    -0.95   INPUTS   func_slow
wptr_full/wptr_reg_10_/D (SDFFARX1_LVT)
                                   6.89 f         5.95           0.00    -0.94   INPUTS   func_slow
wptr_full/wptr_reg_9_/D (SDFFARX1_LVT)
                                   6.85 f         5.94           0.00    -0.91   INPUTS   func_slow
wptr_full/wptr_reg_7_/D (SDFFARX1_LVT)
                                   6.85 f         5.95           0.00    -0.90   INPUTS   func_slow
wptr_full/wptr_reg_3_/D (SDFFARX1_LVT)
                                   6.83 f         5.94           0.00    -0.89   INPUTS   func_slow
wptr_full/wbin_reg_12_/D (SDFFARX2_LVT)
                                   6.80 f         5.94           0.00    -0.85   INPUTS   func_slow
wptr_full/wptr_reg_2_/D (SDFFARX1_LVT)
                                   6.81 r         5.96           0.00    -0.85   INPUTS   func_slow
wptr_full/wptr_reg_4_/D (SDFFARX1_LVT)
                                   6.80 f         5.95           0.00    -0.85   INPUTS   func_slow
wptr_full/wptr_reg_5_/D (SDFFARX1_LVT)
                                   6.81 r         5.98           0.00    -0.83   INPUTS   func_slow
wptr_full/wptr_reg_8_/D (SDFFARX1_LVT)
                                   6.77 f         5.94           0.00    -0.83   INPUTS   func_slow
wptr_full/wbin_reg_10_/D (SDFFARX1_LVT)
                                   6.73 f         5.95           0.00    -0.78   INPUTS   func_slow
wptr_full/wbin_reg_4_/D (SDFFARX1_LVT)
                                   6.72 f         5.95           0.00    -0.77   INPUTS   func_slow
wptr_full/wbin_reg_7_/D (SDFFARX1_LVT)
                                   6.73 f         5.96           0.00    -0.77   INPUTS   func_slow
wptr_full/wbin_reg_11_/D (SDFFASX1_LVT)
                                   6.72 f         5.96           0.00    -0.77   INPUTS   func_slow
wptr_full/wptr_reg_1_/D (SDFFARX1_LVT)
                                   6.71 f         5.94           0.00    -0.77   INPUTS   func_slow
wptr_full/wptr_reg_0_/D (SDFFARX1_LVT)
                                   6.70 r         5.96           0.00    -0.73   INPUTS   func_slow
wptr_full/wbin_reg_9_/D (SDFFASX1_LVT)
                                   6.68 f         5.95           0.00    -0.73   INPUTS   func_slow
wptr_full/wbin_reg_3_/D (SDFFASX1_LVT)
                                   6.66 f         5.94           0.00    -0.72   INPUTS   func_slow
wptr_full/wbin_reg_8_/D (SDFFARX1_LVT)
                                   6.62 f         5.95           0.00    -0.68   INPUTS   func_slow
wptr_full/wbin_reg_6_/D (SDFFARX1_LVT)
                                   6.63 r         5.96           0.00    -0.67   INPUTS   func_slow
wptr_full/wbin_reg_2_/D (SDFFARX1_LVT)
                                   6.61 f         5.95           0.00    -0.66   INPUTS   func_slow
wptr_full/wbin_reg_5_/D (SDFFARX1_LVT)
                                   6.57 f         5.94           0.00    -0.63   INPUTS   func_slow
wptr_full/wptr_reg_6_/D (SDFFARX1_LVT)
                                   6.58 r         5.97           0.00    -0.61   INPUTS   func_slow
wptr_full/wbin_reg_1_/D (SDFFASX1_LVT)
                                   6.53 f         5.95           0.00    -0.58   INPUTS   func_slow
wptr_full/wbin_reg_0_/D (SDFFASX1_LVT)
                                   6.51 r         5.98           0.00    -0.53   INPUTS   func_slow

   early_timing
   -----------

Information: Timer using 'SI, Timing Window Analysis, CRPR'. (TIM-050)
Endpoint                         Path Delay     Path Required       CRP    Slack Group    Scenario
----------------------------------------------------------------------------------------------------------
No paths.

   Mode: func Corner: slow
   Scenario: func_slow
   max_transition                                                              
                             Required        Actual                            
   Net                      Transition     Transition        Slack  Violation  
  ---------------------------------------------------------------------------
   rrst_n                       1.02          13.58         -12.56  (VIOLATED) 
     PIN : ZBUF_inst_328/A      1.02          13.58         -12.56  (VIOLATED) 

   wdata_in[1]                  1.02          13.24         -12.22  (VIOLATED) 
     PIN : ZBUF_inst_2095/A     1.02          13.24         -12.22  (VIOLATED) 

   wdata_in[3]                  1.02          12.95         -11.92  (VIOLATED) 
     PIN : ZBUF_inst_515/A      1.02          12.95         -11.92  (VIOLATED) 

   wdata_in[0]                  1.02          12.63         -11.61  (VIOLATED) 
     PIN : ZBUF_inst_334/A      1.02          12.63         -11.61  (VIOLATED) 

   wdata_in[2]                  1.02          12.59         -11.56  (VIOLATED) 
     PIN : ZBUF_inst_523/A      1.02          12.59         -11.56  (VIOLATED) 

   wrst_n                       1.02          12.41         -11.38  (VIOLATED) 
     PIN : ZBUF_inst_262/A      1.02          12.41         -11.38  (VIOLATED) 

   wdata_in[14]                 1.02          11.73         -10.70  (VIOLATED) 
     PIN : HFSBUF_27_1/A        1.02          11.73         -10.70  (VIOLATED) 

   wdata_in[15]                 1.02          11.64         -10.61  (VIOLATED) 
     PIN : HFSBUF_50_0/A        1.02          11.64         -10.61  (VIOLATED) 

   wdata_in[5]                  1.02          11.45         -10.43  (VIOLATED) 
     PIN : HFSBUF_109_11/A      1.02          11.45         -10.43  (VIOLATED) 

   wdata_in[4]                  1.02          11.28         -10.26  (VIOLATED) 
     PIN : ZBUF_inst_335/A      1.02          11.28         -10.26  (VIOLATED) 

   wdata_in[12]                 1.02           9.62          -8.59  (VIOLATED) 
     PIN : HFSBUF_27_3/A        1.02           9.62          -8.59  (VIOLATED) 

   wdata_in[6]                  1.02           9.34          -8.32  (VIOLATED) 
     PIN : ZBUF_inst_336/A      1.02           9.34          -8.32  (VIOLATED) 

   wdata_in[13]                 1.02           9.03          -8.01  (VIOLATED) 
     PIN : HFSBUF_15_2/A        1.02           9.03          -8.01  (VIOLATED) 

   wdata_in[8]                  1.02           8.32          -7.29  (VIOLATED) 
     PIN : HFSBUF_58_7/A        1.02           8.32          -7.29  (VIOLATED) 

   winc                         1.02           8.30          -7.28  (VIOLATED) 
     PIN : ZBUF_inst_279/A      1.02           8.30          -7.28  (VIOLATED) 

   wdata_in[11]                 1.02           8.04          -7.01  (VIOLATED) 
     PIN : ZBUF_inst_518/A      1.02           8.04          -7.01  (VIOLATED) 

   wdata_in[7]                  1.02           7.86          -6.83  (VIOLATED) 
     PIN : ZBUF_inst_526/A      1.02           7.86          -6.83  (VIOLATED) 

   wdata_in[9]                  1.02           7.22          -6.20  (VIOLATED) 
     PIN : ZBUF_inst_266/A      1.02           7.22          -6.20  (VIOLATED) 

   wdata_in[10]                 1.02           6.53          -5.50  (VIOLATED) 
     PIN : HFSBUF_15_5/A        1.02           6.53          -5.50  (VIOLATED) 

   ZBUF_61                      0.22           1.53          -1.31  (VIOLATED) 
     PIN : ZBUF_inst_334/Y      0.22           1.53          -1.31  (VIOLATED) 
     PIN : SGI5_516/A           1.02           1.53          -0.50  (VIOLATED) 

   ZBUF_62                      0.22           1.36          -1.14  (VIOLATED) 
     PIN : ZBUF_inst_335/Y      0.22           1.36          -1.14  (VIOLATED) 
     PIN : SGI5_2107/A          1.02           1.36          -0.34  (VIOLATED) 

   ZBUF_63                      0.22           1.14          -0.92  (VIOLATED) 
     PIN : ZBUF_inst_336/Y      0.22           1.14          -0.92  (VIOLATED) 
     PIN : HFSBUF_79_10/A       1.02           1.14          -0.11  (VIOLATED) 

   ZBUF_16                      0.22           1.03          -0.81  (VIOLATED) 
     PIN : ZBUF_inst_279/Y      0.22           1.03          -0.81  (VIOLATED) 
     PIN : ZBUF_inst_415/A      1.02           1.03          -0.00  (VIOLATED) 

   HFSNET_7                     0.22           1.02          -0.80  (VIOLATED) 
     PIN : HFSBUF_58_7/Y        0.22           1.02          -0.80  (VIOLATED) 

   ZBUF_222                     0.22           0.99          -0.77  (VIOLATED) 
     PIN : ZBUF_inst_518/Y      0.22           0.99          -0.77  (VIOLATED) 

   ZBUF_225                     0.22           0.97          -0.75  (VIOLATED) 
     PIN : ZBUF_inst_526/Y      0.22           0.97          -0.75  (VIOLATED) 

   HFSNET_5                     0.22           0.81          -0.59  (VIOLATED) 
     PIN : HFSBUF_15_5/Y        0.22           0.81          -0.59  (VIOLATED) 

  ---------------------------------------------------------------------------
   Number of max_transition violation(s): 27

   Mode: func Corner: slow
   Scenario: func_slow
   max_capacitance                                                             
                             Required        Actual                            
   Net                      Capacitance    Capacitance       Slack  Violation  
  ---------------------------------------------------------------------------
   HFSNET_172                 168.00         191.88         -23.88  (VIOLATED) 
     PIN : HFSBUF_611_169/Y   168.00         191.88         -23.88  (VIOLATED) 

   fifomem/n577                25.00          37.74         -12.74  (VIOLATED) 
     PIN : fifomem/genblk1_0__U/O2[12]
                               25.00          37.74         -12.74  (VIOLATED) 

   fifomem/n290                25.00          37.27         -12.27  (VIOLATED) 
     PIN : fifomem/genblk1_1__U/O2[3]
                               25.00          37.27         -12.27  (VIOLATED) 

   fifomem/n545                25.00          36.92         -11.92  (VIOLATED) 
     PIN : fifomem/genblk1_0__U/O2[11]
                               25.00          36.92         -11.92  (VIOLATED) 

   fifomem/n514                25.00          36.77         -11.77  (VIOLATED) 
     PIN : fifomem/genblk1_1__U/O2[10]
                               25.00          36.77         -11.77  (VIOLATED) 

   fifomem/n609                25.00          35.82         -10.82  (VIOLATED) 
     PIN : fifomem/genblk1_0__U/O2[13]
                               25.00          35.82         -10.82  (VIOLATED) 

   fifomem/n353                25.00          35.61         -10.61  (VIOLATED) 
     PIN : fifomem/genblk1_0__U/O2[5]
                               25.00          35.61         -10.61  (VIOLATED) 

   fifomem/n513                25.00          35.60         -10.60  (VIOLATED) 
     PIN : fifomem/genblk1_0__U/O2[10]
                               25.00          35.60         -10.60  (VIOLATED) 

   fifomem/n481                25.00          35.50         -10.50  (VIOLATED) 
     PIN : fifomem/genblk1_0__U/O2[9]
                               25.00          35.50         -10.50  (VIOLATED) 

   fifomem/n385                25.00          34.94          -9.94  (VIOLATED) 
     PIN : fifomem/genblk1_0__U/O2[6]
                               25.00          34.94          -9.94  (VIOLATED) 

   fifomem/n225                25.00          34.93          -9.93  (VIOLATED) 
     PIN : fifomem/genblk1_0__U/O2[1]
                               25.00          34.93          -9.93  (VIOLATED) 

   fifomem/n610                25.00          34.91          -9.91  (VIOLATED) 
     PIN : fifomem/genblk1_1__U/O2[13]
                               25.00          34.91          -9.91  (VIOLATED) 

   fifomem/n193                25.00          34.91          -9.91  (VIOLATED) 
     PIN : fifomem/genblk1_0__U/O2[0]
                               25.00          34.91          -9.91  (VIOLATED) 

   fifomem/n641                25.00          34.83          -9.83  (VIOLATED) 
     PIN : fifomem/genblk1_0__U/O2[14]
                               25.00          34.83          -9.83  (VIOLATED) 

   fifomem/n642                25.00          34.71          -9.71  (VIOLATED) 
     PIN : fifomem/genblk1_1__U/O2[14]
                               25.00          34.71          -9.71  (VIOLATED) 

   fifomem/n354                25.00          34.54          -9.54  (VIOLATED) 
     PIN : fifomem/genblk1_1__U/O2[5]
                               25.00          34.54          -9.54  (VIOLATED) 

   fifomem/n386                25.00          34.43          -9.43  (VIOLATED) 
     PIN : fifomem/genblk1_1__U/O2[6]
                               25.00          34.43          -9.43  (VIOLATED) 

   fifomem/n482                25.00          34.40          -9.40  (VIOLATED) 
     PIN : fifomem/genblk1_1__U/O2[9]
                               25.00          34.40          -9.40  (VIOLATED) 

   fifomem/n417                25.00          34.29          -9.29  (VIOLATED) 
     PIN : fifomem/genblk1_0__U/O2[7]
                               25.00          34.29          -9.29  (VIOLATED) 

   fifomem/n194                25.00          34.13          -9.13  (VIOLATED) 
     PIN : fifomem/genblk1_1__U/O2[0]
                               25.00          34.13          -9.13  (VIOLATED) 

   fifomem/n226                25.00          34.12          -9.12  (VIOLATED) 
     PIN : fifomem/genblk1_1__U/O2[1]
                               25.00          34.12          -9.12  (VIOLATED) 

   fifomem/n207                25.00          34.08          -9.08  (VIOLATED) 
     PIN : fifomem/genblk1_14__U/O2[0]
                               25.00          34.08          -9.08  (VIOLATED) 

   fifomem/n673                25.00          33.96          -8.96  (VIOLATED) 
     PIN : fifomem/genblk1_0__U/O2[15]
                               25.00          33.96          -8.96  (VIOLATED) 

   fifomem/n257                25.00          33.89          -8.89  (VIOLATED) 
     PIN : fifomem/genblk1_0__U/O2[2]
                               25.00          33.89          -8.89  (VIOLATED) 

   fifomem/n418                25.00          33.62          -8.62  (VIOLATED) 
     PIN : fifomem/genblk1_1__U/O2[7]
                               25.00          33.62          -8.62  (VIOLATED) 

   fifomem/n674                25.00          33.35          -8.35  (VIOLATED) 
     PIN : fifomem/genblk1_1__U/O2[15]
                               25.00          33.35          -8.35  (VIOLATED) 

   fifomem/n449                25.00          33.22          -8.22  (VIOLATED) 
     PIN : fifomem/genblk1_0__U/O2[8]
                               25.00          33.22          -8.22  (VIOLATED) 

   fifomem/n289                25.00          33.13          -8.13  (VIOLATED) 
     PIN : fifomem/genblk1_0__U/O2[3]
                               25.00          33.13          -8.13  (VIOLATED) 

   fifomem/n258                25.00          32.84          -7.84  (VIOLATED) 
     PIN : fifomem/genblk1_1__U/O2[2]
                               25.00          32.84          -7.84  (VIOLATED) 

   fifomem/n546                25.00          32.66          -7.66  (VIOLATED) 
     PIN : fifomem/genblk1_1__U/O2[11]
                               25.00          32.66          -7.66  (VIOLATED) 

   fifomem/n321                25.00          31.99          -6.99  (VIOLATED) 
     PIN : fifomem/genblk1_0__U/O2[4]
                               25.00          31.99          -6.99  (VIOLATED) 

   fifomem/n450                25.00          31.44          -6.44  (VIOLATED) 
     PIN : fifomem/genblk1_1__U/O2[8]
                               25.00          31.44          -6.44  (VIOLATED) 

   fifomem/n578                25.00          31.15          -6.15  (VIOLATED) 
     PIN : fifomem/genblk1_1__U/O2[12]
                               25.00          31.15          -6.15  (VIOLATED) 

   fifomem/n216                25.00          30.38          -5.38  (VIOLATED) 
     PIN : fifomem/genblk1_23__U/O2[0]
                               25.00          30.38          -5.38  (VIOLATED) 

   fifomem/n322                25.00          30.35          -5.35  (VIOLATED) 
     PIN : fifomem/genblk1_1__U/O2[4]
                               25.00          30.35          -5.35  (VIOLATED) 

   fifomem/n218                25.00          30.35          -5.35  (VIOLATED) 
     PIN : fifomem/genblk1_25__U/O2[0]
                               25.00          30.35          -5.35  (VIOLATED) 

   fifomem/n474                25.00          29.21          -4.21  (VIOLATED) 
     PIN : fifomem/genblk1_25__U/O2[8]
                               25.00          29.21          -4.21  (VIOLATED) 

   fifomem/n538                25.00          28.82          -3.82  (VIOLATED) 
     PIN : fifomem/genblk1_25__U/O2[10]
                               25.00          28.82          -3.82  (VIOLATED) 

   fifomem/n445                25.00          28.73          -3.73  (VIOLATED) 
     PIN : fifomem/genblk1_28__U/O2[7]
                               25.00          28.73          -3.73  (VIOLATED) 

   fifomem/n248                25.00          28.30          -3.30  (VIOLATED) 
     PIN : fifomem/genblk1_23__U/O2[1]
                               25.00          28.30          -3.30  (VIOLATED) 

   fifomem/n633                25.00          28.26          -3.26  (VIOLATED) 
     PIN : fifomem/genblk1_24__U/O2[13]
                               25.00          28.26          -3.26  (VIOLATED) 

   fifomem/n569                25.00          28.26          -3.26  (VIOLATED) 
     PIN : fifomem/genblk1_24__U/O2[11]
                               25.00          28.26          -3.26  (VIOLATED) 

   fifomem/n247                25.00          27.90          -2.90  (VIOLATED) 
     PIN : fifomem/genblk1_22__U/O2[1]
                               25.00          27.90          -2.90  (VIOLATED) 

   fifomem/n201                25.00          27.89          -2.89  (VIOLATED) 
     PIN : fifomem/genblk1_8__U/O2[0]
                               25.00          27.89          -2.89  (VIOLATED) 

   fifomem/n234                25.00          27.64          -2.64  (VIOLATED) 
     PIN : fifomem/genblk1_9__U/O2[1]
                               25.00          27.64          -2.64  (VIOLATED) 

   fifomem/n285                25.00          27.60          -2.60  (VIOLATED) 
     PIN : fifomem/genblk1_28__U/O2[2]
                               25.00          27.60          -2.60  (VIOLATED) 

   fifomem/n602                25.00          27.14          -2.14  (VIOLATED) 
     PIN : fifomem/genblk1_25__U/O2[12]
                               25.00          27.14          -2.14  (VIOLATED) 

   fifomem/n261                25.00          26.49          -1.49  (VIOLATED) 
     PIN : fifomem/genblk1_4__U/O2[2]
                               25.00          26.49          -1.49  (VIOLATED) 

   fifomem/n459                25.00          26.47          -1.47  (VIOLATED) 
     PIN : fifomem/genblk1_10__U/O2[8]
                               25.00          26.47          -1.47  (VIOLATED) 

   fifomem/n250                25.00          26.33          -1.33  (VIOLATED) 
     PIN : fifomem/genblk1_25__U/O2[1]
                               25.00          26.33          -1.33  (VIOLATED) 

   fifomem/n605                25.00          26.32          -1.32  (VIOLATED) 
     PIN : fifomem/genblk1_28__U/O2[12]
                               25.00          26.32          -1.32  (VIOLATED) 

   fifomem/n313                25.00          26.29          -1.29  (VIOLATED) 
     PIN : fifomem/genblk1_24__U/O2[3]
                               25.00          26.29          -1.29  (VIOLATED) 

   fifomem/n433                25.00          26.12          -1.12  (VIOLATED) 
     PIN : fifomem/genblk1_16__U/O2[7]
                               25.00          26.12          -1.12  (VIOLATED) 

   fifomem/n523                25.00          26.05          -1.05  (VIOLATED) 
     PIN : fifomem/genblk1_10__U/O2[10]
                               25.00          26.05          -1.05  (VIOLATED) 

   fifomem/n299                25.00          25.86          -0.86  (VIOLATED) 
     PIN : fifomem/genblk1_10__U/O2[3]
                               25.00          25.86          -0.86  (VIOLATED) 

   fifomem/n330                25.00          25.82          -0.82  (VIOLATED) 
     PIN : fifomem/genblk1_9__U/O2[4]
                               25.00          25.82          -0.82  (VIOLATED) 

   fifomem/n478                25.00          25.68          -0.68  (VIOLATED) 
     PIN : fifomem/genblk1_29__U/O2[8]
                               25.00          25.68          -0.68  (VIOLATED) 

   fifomem/n637                25.00          25.46          -0.46  (VIOLATED) 
     PIN : fifomem/genblk1_28__U/O2[13]
                               25.00          25.46          -0.46  (VIOLATED) 

   fifomem/n337                25.00          25.35          -0.35  (VIOLATED) 
     PIN : fifomem/genblk1_16__U/O2[4]
                               25.00          25.35          -0.35  (VIOLATED) 

   fifomem/n297                25.00          25.27          -0.27  (VIOLATED) 
     PIN : fifomem/genblk1_8__U/O2[3]
                               25.00          25.27          -0.27  (VIOLATED) 

   fifomem/n409                25.00          25.26          -0.26  (VIOLATED) 
     PIN : fifomem/genblk1_24__U/O2[6]
                               25.00          25.26          -0.26  (VIOLATED) 

   fifomem/n363                25.00          25.17          -0.17  (VIOLATED) 
     PIN : fifomem/genblk1_10__U/O2[5]
                               25.00          25.17          -0.17  (VIOLATED) 

   fifomem/n869                 8.00           8.05          -0.05  (VIOLATED) 
     PIN : fifomem/U303/Y       8.00           8.05          -0.05  (VIOLATED) 

  ---------------------------------------------------------------------------
   Number of max_capacitance violation(s): 63


   Mode: func Corner: slow
   Scenario: func_slow
  ---------------------------------------------------------------------------
   Number of min_capacitance violation(s): 0

   Total number of violation(s): 90
1
